Loading JATSBuilder...
Loading MetadataExtractor...
Loading PluginMetadataProcessor...
Classes loaded.
Setting up mocks...
Loading JATSBuilder...
Loading MetadataExtractor...
Loading PluginMetadataProcessor...
Classes loaded.
Setting up mocks...
Creating Author...
Loading JATSBuilder...
Loading MetadataExtractor...
Loading PluginMetadataProcessor...
Classes loaded.
Setting up mocks...
MockAuthor exists: No
Creating Author...
[ERROR SETUP] Class "MockAuthor" not found
#0 {main}
Loading JATSBuilder...
Loading MetadataExtractor...
Loading PluginMetadataProcessor...
Classes loaded.
Setting up mocks...
MockAuthor exists: No
Creating Author...
[ERROR SETUP] Class "MockAuthor" not found
#0 {main}
Loading JATSBuilder...
Loading MetadataExtractor...
Loading PluginMetadataProcessor...
Classes loaded.
Setting up mocks...
MockAuthor exists: No
Creating Author...
[ERROR SETUP] Class "MockAuthor" not found
#0 {main}
MockClasses loaded.
Loading JATSBuilder...
Loading MetadataExtractor...
Loading PluginMetadataProcessor...
Classes loaded.
Setting up mocks...
MockAuthor exists: Yes
Creating Author...
Creating Publication...
Creating Submission...
Creating Context...
Mocks created.
Running XML Enrichment Test...
[ERROR] APP\plugins\generic\pluginTemplate\classes\JATSBuilder::el(): Argument #2 ($text) must be of type ?string, array given, called in /home/santi/sedici/ojs-docker/data/public_ojs/plugins/generic/pluginTemplate/classes/JATSBuilder.php on line 266
#0 /home/santi/sedici/ojs-docker/data/public_ojs/plugins/generic/pluginTemplate/classes/JATSBuilder.php(266): APP\plugins\generic\pluginTemplate\classes\JATSBuilder->el()
#1 /home/santi/sedici/ojs-docker/data/public_ojs/plugins/generic/pluginTemplate/classes/JATSBuilder.php(173): APP\plugins\generic\pluginTemplate\classes\JATSBuilder->buildCustomMetaGroup()
#2 /home/santi/sedici/ojs-docker/data/public_ojs/plugins/generic/pluginTemplate/classes/JATSBuilder.php(62): APP\plugins\generic\pluginTemplate\classes\JATSBuilder->buildArticleMeta()
#3 /home/santi/sedici/ojs-docker/data/public_ojs/plugins/generic/pluginTemplate/classes/PluginMetadataProcessor.php(79): APP\plugins\generic\pluginTemplate\classes\JATSBuilder->buildFront()
#4 /home/santi/sedici/ojs-docker/data/public_ojs/plugins/generic/pluginTemplate/tests/TestEnrichment.php(148): APP\plugins\generic\pluginTemplate\classes\PluginMetadataProcessor::enrichFront()
#5 {main}
MockClasses loaded.
Loading JATSBuilder...
Loading MetadataExtractor...
Loading PluginMetadataProcessor...
Classes loaded.
Setting up mocks...
MockAuthor exists: Yes
Creating Author...
Creating Publication...
Creating Submission...
Creating Context...
Mocks created.
Running XML Enrichment Test...
[PASS] Title updated correctly.
[PASS] Author found.
[PASS] DOI found.
[PASS] Journal title found.

--- Enriched XML Output (Snippet) ---
<?xml version="1.0" encoding="UTF-8"?>
<!DOCTYPE article PUBLIC "-//NLM//DTD JATS (Z39.96) Journal Publishing DTD v1.2 20190208//EN" "JATS-journalpublishing1.dtd">
<article>
  <front>
    <journal-meta>
      <journal-title-group>
        <journal-title>Test Journal</journal-title>
      </journal-title-group>
      <issn pub-type="epub">1234-5678</issn>
      <publisher>
        <publisher-name>Test Publisher</publisher-name>
      </publisher>
    </journal-meta>
    <article-meta>
      <article-id pub-id-type="publisher-id">100</article-id>
      <article-id pub-id-type="doi">10.1234/test.v1i1.1</article-id>
      <title-group>
        <article-title>Test Article Title</article-title>
      </title-group>
      <abstract>This is a test abstract.</abstract>
      <kwd-group kwd-group-type="author">
        <kwd>test</kwd>
        <kwd>xml</kwd>
        <kwd>enrichment</kwd>
      </kwd-group>
      <pub-date pub-type="published">
        <year>2023</year>
        <month>05</month>
        <day>20</day>
      </pub-date>
MockClasses loaded.
Loading JATSBuilder...
Loading MetadataExtractor...
Loading PluginMetadataProcessor...
